// Jest Snapshot v1, https://goo.gl/fbAQLP

exports[`Card Name 1`] = `ShallowWrapper {}`;

exports[`CardList CardList SnapShot 1`] = `ShallowWrapper {}`;
