// Jest Snapshot v1, https://goo.gl/fbAQLP

exports[`CounterButton CounterButton SnapShot 1`] = `ShallowWrapper {}`;
